C:\Users\john\Desktop\Twiiter Sentiment Analysis\Twitter by Python\hanzhe_GMO\SearchAPI_StreamAPI_FeatureExtract.py
C:\Users\john\Desktop\Twiiter Sentiment Analysis\Twitter by Python\hanzhe_GMO\Sentiment_mod_2_classification.py
C:\Users\john\Desktop\Twiiter Sentiment Analysis\Twitter by Python\hanzhe_GMO\Sentiment_try_2_classification.py
C:\Users\john\Desktop\Twiiter Sentiment Analysis\Twitter by Python\hanzhe_GMO\TwitterSearchAPI.py
C:\Users\john\Desktop\Twiiter Sentiment Analysis\Twitter by Python\hanzhe_GMO\sentiment_2_classification.py
C:\Users\john\Desktop\Twiiter Sentiment Analysis\Twitter by Python\hanzhe_GMO\Sentiment_try_2_classification_Unigrams.py
C:\Users\john\Desktop\Twiiter Sentiment Analysis\Twitter by Python\hanzhe_GMO\NLTK_book_Unigram_Bigram.py
C:\Users\john\Desktop\Twiiter Sentiment Analysis\Twitter by Python\hanzhe_GMO\Sentiment_try_2_classification_TF-IDF.py
C:\Users\john\Desktop\Twiiter Sentiment Analysis\Twitter by Python\hanzhe_GMO\Sentiment_try_4_classification.py
C:\Users\john\Desktop\Twiiter Sentiment Analysis\Twitter by Python\hanzhe_GMO\sentiment_4_classification.py
